=====================================================================
== C:\Program Files (x86)\Steam\steamapps\common\Arma 3 Server\arma3server.exe
== arma3server.exe  -port=2302 "-config=C:\Program Files (x86)\Steam\steamapps\common\Arma 3 Server\@ExileServer\config.cfg" "-cfg=C:\Program Files (x86)\Steam\steamapps\common\Arma 3 Server\@ExileServer\basic.cfg" "-profiles=C:\Program Files (x86)\Steam\steamapps\common\Arma 3 Server\@ExileServer\undedz" -name=undedz "-mod=@ExileServer;@Exile"

Original output filename: Arma3Retail_Server
Exe timestamp: 2016/06/01 14:49:01
Current time:  2016/06/07 23:35:22

Type: Public
Build: Stable
Version: 1.60.136470

Allocator: C:\Program Files (x86)\Steam\steamapps\common\Arma 3 Server\dll\tbb4malloc_bi.dll
=====================================================================

23:35:22 Entering off-line mode. Callbacks and content list updates will not work.
23:35:22 Cannot register unknown string STR_MULTI_TITLE_OFFICIAL_SERVERS
23:35:22 File C:\Program Files (x86)\Steam\steamapps\common\Arma 3 Server\@ExileServer\config.cfg, line 33: '/Missions/Exile.template': Missing ';' at the end of line
23:35:22 Initializing stats manager.
23:35:22 Stats config disabled.
23:35:22 sessionID: 319b12e1aae7e1f39c9da7288a38f5b57dc335d0
23:35:26 Updating base class ->Wreck, by a3\data_f\config.bin/CfgVehicles/PlaneWreck/
23:35:26 Updating base class RscShortcutButton->RscButton, by a3\editor_f\config.bin/RscDisplayEditObject/Controls/B_OK/
23:35:26 Updating base class RscSliderH->RscXSliderH, by a3\editor_f\config.bin/RscDisplayEditObject/Slider/
23:35:26 Updating base class RscText->RscPicture, by a3\editor_f\config.bin/RscDisplayEditObject/Preview/
23:35:26 Updating base class RscShortcutButton->RscButton, by a3\editor_f\config.bin/RscDisplayMissionLoad/Controls/B_OK/
23:35:26 Updating base class RscShortcutButton->RscButton, by a3\editor_f\config.bin/RscDisplayMissionSave/Controls/B_OK/
23:35:26 Updating base class BlendAnims->, by a3\anims_f\config\sdr\weaponswitching\config.bin/CfgMovesMaleSdr/BlendAnims/
23:35:26 Updating base class ->RscControlsGroup, by a3\ui_f\config.bin/RscControlsGroupNoScrollbars/
23:35:26 Updating base class ->RscControlsGroup, by a3\ui_f\config.bin/RscControlsGroupNoHScrollbars/
23:35:26 Updating base class ->RscControlsGroup, by a3\ui_f\config.bin/RscControlsGroupNoVScrollbars/
23:35:26 Updating base class ->RscText, by a3\ui_f\config.bin/RscLine/
23:35:26 Updating base class ->RscActiveText, by a3\ui_f\config.bin/RscActivePicture/
23:35:26 Updating base class ->RscButton, by a3\ui_f\config.bin/RscButtonTextOnly/
23:35:26 Updating base class ->RscShortcutButton, by a3\ui_f\config.bin/RscShortcutButtonMain/
23:35:26 Updating base class ->RscShortcutButton, by a3\ui_f\config.bin/RscButtonEditor/
23:35:26 Updating base class ->RscShortcutButton, by a3\ui_f\config.bin/RscIGUIShortcutButton/
23:35:26 Updating base class ->RscShortcutButton, by a3\ui_f\config.bin/RscGearShortcutButton/
23:35:26 Updating base class ->RscShortcutButton, by a3\ui_f\config.bin/RscButtonMenu/
23:35:26 Updating base class ->RscButtonMenu, by a3\ui_f\config.bin/RscButtonMenuOK/
23:35:26 Updating base class ->RscButtonMenu, by a3\ui_f\config.bin/RscButtonMenuCancel/
23:35:26 Updating base class ->RscButtonMenu, by a3\ui_f\config.bin/RscButtonMenuSteam/
23:35:26 Updating base class ->RscText, by a3\ui_f\config.bin/RscLoadingText/
23:35:26 Updating base class ->RscListBox, by a3\ui_f\config.bin/RscIGUIListBox/
23:35:26 Updating base class ->RscListNBox, by a3\ui_f\config.bin/RscIGUIListNBox/
23:35:26 Updating base class ->RscText, by a3\ui_f\config.bin/RscBackground/
23:35:26 Updating base class ->RscText, by a3\ui_f\config.bin/RscBackgroundGUI/
23:35:26 Updating base class ->RscPicture, by a3\ui_f\config.bin/RscBackgroundGUILeft/
23:35:26 Updating base class ->RscPicture, by a3\ui_f\config.bin/RscBackgroundGUIRight/
23:35:26 Updating base class ->RscPicture, by a3\ui_f\config.bin/RscBackgroundGUIBottom/
23:35:26 Updating base class ->RscText, by a3\ui_f\config.bin/RscBackgroundGUITop/
23:35:26 Updating base class ->RscText, by a3\ui_f\config.bin/RscBackgroundGUIDark/
23:35:26 Updating base class ->RscPictureKeepAspect, by a3\ui_f\config.bin/RscBackgroundLogo/
23:35:26 Updating base class ->RscMapControl, by a3\ui_f\config.bin/RscMapControlEmpty/
23:35:26 Updating base class ->RscPicture, by a3\ui_f\config.bin/CA_Mainback/
23:35:26 Updating base class ->CA_Mainback, by a3\ui_f\config.bin/CA_Back/
23:35:26 Updating base class ->CA_Mainback, by a3\ui_f\config.bin/CA_Title_Back/
23:35:26 Updating base class ->CA_Mainback, by a3\ui_f\config.bin/CA_Black_Back/
23:35:26 Updating base class ->RscTitle, by a3\ui_f\config.bin/CA_Title/
23:35:26 Updating base class ->RscPictureKeepAspect, by a3\ui_f\config.bin/CA_Logo/
23:35:26 Updating base class ->CA_Logo, by a3\ui_f\config.bin/CA_Logo_Small/
23:35:26 Updating base class ->RscButton, by a3\ui_f\config.bin/CA_RscButton/
23:35:26 Updating base class ->CA_RscButton, by a3\ui_f\config.bin/CA_RscButton_dialog/
23:35:26 Updating base class ->RscActiveText, by a3\ui_f\config.bin/CA_Ok/
23:35:26 Updating base class ->RscText, by a3\ui_f\config.bin/CA_Ok_image/
23:35:26 Updating base class ->RscText, by a3\ui_f\config.bin/CA_Ok_image2/
23:35:26 Updating base class ->RscText, by a3\ui_f\config.bin/CA_Ok_text/
23:35:26 Updating base class ->RscPicture, by a3\ui_f\config.bin/RscVignette/
23:35:26 Updating base class ->RscControlsGroupNoScrollbars, by a3\ui_f\config.bin/RscMapControlTooltip/
23:35:26 Updating base class RscUnitInfo->RscUnitInfoAirNoWeapon, by a3\ui_f\config.bin/RscInGameUI/RscUnitInfoAir/
23:35:26 Updating base class RscControlsGroup->RscControlsGroupNoScrollbars, by a3\ui_f\config.bin/RscInGameUI/RscTaskOverview/controls/TaskOverviewAssigned/
23:35:26 Updating base class RscShortcutButton->RscButtonMenu, by a3\ui_f\config.bin/RscDisplayDebug/Controls/B_OK/
23:35:26 Updating base class RscShortcutButton->RscButtonMenu, by a3\ui_f\config.bin/RscDisplayDebug/Controls/B_Cancel/
23:35:26 Updating base class RscShortcutButton->RscButtonMenu, by a3\ui_f\config.bin/RscDisplayDebug/Controls/B_Clear/
23:35:26 Updating base class ->RscText, by a3\ui_f\config.bin/RscDisplayCapture/controls/TimeLines/
23:35:26 Updating base class RscShortcutButton->RscButtonMenu, by a3\ui_f\config.bin/RscDisplayCapture/controls/ButtonAverages/
23:35:26 Updating base class RscShortcutButton->RscButtonMenu, by a3\ui_f\config.bin/RscDisplayCapture/controls/ButtonSavePreviousData/
23:35:26 Updating base class RscShortcutButton->RscButtonMenu, by a3\ui_f\config.bin/RscDisplayCapture/controls/ButtonPreviousData/
23:35:26 Updating base class RscControlsGroup->RscControlsGroupNoHScrollbars, by a3\ui_f\config.bin/RscDisplayMain/controls/ModIcons/
23:35:26 Updating base class RscPicture->RscPictureKeepAspect, by a3\ui_f\config.bin/RscDisplayMain/IconPicture/
23:35:26 Updating base class IconPicture->RscPictureKeepAspect, by a3\ui_f\config.bin/RscDisplayMain/DlcOwnedIconPicture/
23:35:26 Updating base class IconPicture->RscPictureKeepAspect, by a3\ui_f\config.bin/RscDisplayMain/DlcIconPicture/
23:35:26 Updating base class RscListBox->RscCombo, by a3\ui_f\config.bin/RscDisplayCustomizeController/Steepness/
23:35:26 Updating base class ->RscStandardDisplay, by a3\ui_f\config.bin/RscDisplayControlSchemes/
23:35:26 Updating base class ButtonOK->RscButtonMenuCancel, by a3\ui_f\config.bin/RscDisplayControlSchemes/controls/ButtonCancel/
23:35:26 Updating base class RscButton->RscButtonMenuOK, by a3\ui_f\config.bin/RscDisplayControlSchemes/controls/ButtonOK/
23:35:26 Updating base class RscPicture->RscPictureKeepAspect, by a3\ui_f\config.bin/RscDisplayFileSelectImage/controls/OverviewPicture/
23:35:26 Updating base class RscShortcutButton->RscButtonMenuCancel, by a3\ui_f\config.bin/RscDisplayFieldManual/controls/ButtonCancel/
23:35:26 Cannot delete class B_KickOff, it is referenced somewhere (used as a base class probably).
23:35:26 Updating base class RscButton->RscButtonMenuCancel, by a3\ui_f\config.bin/RscDisplayPublishMission/controls/ButtonCancel/
23:35:26 Updating base class RscShortcutButton->RscButtonMenuOK, by a3\ui_f\config.bin/RscDisplayPublishMissionSelectTags/controls/ButtonOK/
23:35:26 Updating base class ButtonOK->RscButtonMenuCancel, by a3\ui_f\config.bin/RscDisplayPublishMissionSelectTags/controls/ButtonCancel/
23:35:26 Updating base class ->RscSubmenu, by a3\ui_f\config.bin/RscMainMenu/
23:35:26 Cannot update non class from class a3\ui_f\config.bin/RscCallSupport/Items/
23:35:26 Cannot update non class from class a3\ui_f\config.bin/RscRadio/Items/
23:35:26 Updating base class ->DistanceClose, by a3\ui_f\config.bin/CfgSimpleTasks/Icon3D/DistanceMid/
23:35:26 Updating base class ->DistanceClose, by a3\ui_f\config.bin/CfgSimpleTasks/Icon3D/DistanceLong/
23:35:26 Updating base class ->VehicleMagazine, by a3\weapons_f\config.bin/CfgMagazines/24Rnd_missiles/
23:35:26 Updating base class ->RocketPods, by a3\weapons_f\config.bin/CfgWeapons/missiles_DAR/
23:35:26 Updating base class ->All, by a3\sounds_f\config.bin/CfgVehicles/Sound/
23:35:26 Updating base class ->BlendAnims, by a3\soft_f_kart\kart_01\config.bin/CfgMovesMaleSdr/BlendAnims/
23:35:26 Updating base class RscText->ctrlStaticBackgroundDisable, by a3\3den\config.bin/RscDisplayOptionsAudio/ControlsBackground/BackgroundDisable/
23:35:26 Updating base class RscText->ctrlStaticBackgroundDisableTiles, by a3\3den\config.bin/RscDisplayOptionsAudio/ControlsBackground/BackgroundDisableTiles/
23:35:26 Updating base class RscText->ctrlStaticBackgroundDisable, by a3\3den\config.bin/RscDisplayConfigure/ControlsBackground/BackgroundDisable/
23:35:26 Updating base class RscText->ctrlStaticBackgroundDisableTiles, by a3\3den\config.bin/RscDisplayConfigure/ControlsBackground/BackgroundDisableTiles/
23:35:26 Updating base class RscText->ctrlStaticBackgroundDisable, by a3\3den\config.bin/RscDisplayConfigureAction/ControlsBackground/BackgroundDisable/
23:35:26 Updating base class RscText->ctrlStaticBackgroundDisableTiles, by a3\3den\config.bin/RscDisplayConfigureAction/ControlsBackground/BackgroundDisableTiles/
23:35:26 Updating base class RscText->ctrlStaticBackgroundDisable, by a3\3den\config.bin/RscDisplayConfigureControllers/ControlsBackground/BackgroundDisable/
23:35:26 Updating base class RscText->ctrlStaticBackgroundDisableTiles, by a3\3den\config.bin/RscDisplayConfigureControllers/ControlsBackground/BackgroundDisableTiles/
23:35:26 Updating base class RscText->ctrlStaticBackgroundDisable, by a3\3den\config.bin/RscDisplayGameOptions/ControlsBackground/BackgroundDisable/
23:35:26 Updating base class RscText->ctrlStaticBackgroundDisableTiles, by a3\3den\config.bin/RscDisplayGameOptions/ControlsBackground/BackgroundDisableTiles/
23:35:26 Updating base class controls->, by a3\3den\config.bin/RscDisplayArcadeMap_Layout_2/Controls/
23:35:26 Updating base class controls->, by a3\3den\config.bin/RscDisplayArcadeMap_Layout_6/Controls/
23:35:26 Updating base class RscStandardDisplay->, by exile_client\config.bin/RscDisplayMain/
23:35:26 Updating base class RscStandardDisplay->, by exile_client\config.bin/RscDisplayMultiplayerSetup/
23:35:26 Updating base class RscPicture->RscText, by exile_client\config.bin/RscDisplayVoiceChat/controls/Picture/
23:35:26 Updating base class ->Car_F, by Exile_psycho_Gaz_volha\config.bin/CfgVehicles/volha_Base/
23:35:26 Updating base class ->Ikarus_Civ_Base, by Exile_psycho_Ikarus\config.bin/CfgVehicles/Ikarus_Civ_01/
23:35:26 Updating base class ->Car_F, by Exile_psycho_lada\config.bin/CfgVehicles/Lada_Base/
23:35:26 Updating base class ->Landrover_civ, by Exile_psycho_LRC\config.bin/CfgVehicles/Landrover_Civ_02/
23:35:26 Updating base class ->Landrover_civ, by Exile_psycho_LRC\config.bin/CfgVehicles/LR_Ambulance_Base/
23:35:26 Updating base class ->Octavia_Base, by Exile_psycho_Octavia\config.bin/CfgVehicles/Octavia_Civ_01/
23:35:26 Updating base class ->Car_F, by exile_psycho_tractor\config.bin/CfgVehicles/Tractor_Base/
23:35:26 Updating base class ->Tractor_Base, by exile_psycho_tractor\config.bin/CfgVehicles/tractorOld/
23:35:26 Updating base class ->Offroad_01_base_F, by Exile_Psycho_UAZ\config.bin/CfgVehicles/UAZ_Base/
23:35:26 Updating base class ->UAZ_Base, by Exile_Psycho_UAZ\config.bin/CfgVehicles/UAZ_Open_Base/
23:35:26 Updating base class ->UH1H_Closed, by Exile_psycho_UH1H\config.bin/CfgVehicles/UH1H_Clo/
23:35:26 Updating base class ->UH1HL_base, by Exile_psycho_UH1H\config.bin/CfgVehicles/UH1H_M240/
23:35:26 Updating base class ->Ural_Base, by Exile_psycho_Ural\config.bin/CfgVehicles/Ural_RU/
23:35:26 Updating base class ->Ural_Open_Base, by Exile_psycho_Ural\config.bin/CfgVehicles/Ural_Open_RU/
23:35:27 Initializing Steam Manager
23:35:27 unable to load subscribed content list. list will be updated from steam
23:35:27 unable to load published content list. list will be updated from steam
23:35:27 unable to load cached items meta info. save and update functionality will be broken
23:35:27 Steam Manager initialized.
23:35:27 
23:35:27 ==== Loaded addons ====
23:35:27 
23:35:27 dta\bin.pbo - unknown
23:35:27 dta\core.pbo - 98397
23:35:27 dta\languagecore_f.pbo - 100547
23:35:27 C:\Program Files (x86)\Steam\steamapps\common\Arma 3 Server\@Exile\addons\dbo_old_bike.pbo - unknown
23:35:27 C:\Program Files (x86)\Steam\steamapps\common\Arma 3 Server\@Exile\addons\exile_assets.pbo - unknown
23:35:27 C:\Program Files (x86)\Steam\steamapps\common\Arma 3 Server\@Exile\addons\exile_client.pbo - unknown
23:35:27 C:\Program Files (x86)\Steam\steamapps\common\Arma 3 Server\@Exile\addons\exile_psycho_gaz_volha.pbo - unknown
23:35:27 C:\Program Files (x86)\Steam\steamapps\common\Arma 3 Server\@Exile\addons\exile_psycho_ikarus.pbo - unknown
23:35:27 C:\Program Files (x86)\Steam\steamapps\common\Arma 3 Server\@Exile\addons\exile_psycho_lada.pbo - unknown
23:35:27 C:\Program Files (x86)\Steam\steamapps\common\Arma 3 Server\@Exile\addons\exile_psycho_lrc.pbo - unknown
23:35:27 C:\Program Files (x86)\Steam\steamapps\common\Arma 3 Server\@Exile\addons\exile_psycho_octavia.pbo - unknown
23:35:27 C:\Program Files (x86)\Steam\steamapps\common\Arma 3 Server\@Exile\addons\exile_psycho_suv_a3.pbo - unknown
23:35:27 C:\Program Files (x86)\Steam\steamapps\common\Arma 3 Server\@Exile\addons\exile_psycho_towtractor.pbo - unknown
23:35:27 C:\Program Files (x86)\Steam\steamapps\common\Arma 3 Server\@Exile\addons\exile_psycho_tractor.pbo - unknown
23:35:27 C:\Program Files (x86)\Steam\steamapps\common\Arma 3 Server\@Exile\addons\exile_psycho_uaz.pbo - unknown
23:35:27 C:\Program Files (x86)\Steam\steamapps\common\Arma 3 Server\@Exile\addons\exile_psycho_uh1h.pbo - unknown
23:35:27 C:\Program Files (x86)\Steam\steamapps\common\Arma 3 Server\@Exile\addons\exile_psycho_ural.pbo - unknown
23:35:27 C:\Program Files (x86)\Steam\steamapps\common\Arma 3 Server\@Exile\addons\gnt_c185.pbo - unknown
23:35:27 C:\Program Files (x86)\Steam\steamapps\common\Arma 3 Server\@ExileServer\addons\exile_server.pbo - unknown
23:35:27 C:\Program Files (x86)\Steam\steamapps\common\Arma 3 Server\@ExileServer\addons\exile_server_config.pbo - unknown
23:35:27 C:\Program Files (x86)\Steam\steamapps\common\Arma 3 Server\mark\addons\anims_f_mark.pbo - 98395
23:35:27 C:\Program Files (x86)\Steam\steamapps\common\Arma 3 Server\mark\addons\characters_f_mark.pbo - 99312
23:35:27 C:\Program Files (x86)\Steam\steamapps\common\Arma 3 Server\mark\addons\data_f_mark.pbo - 99979
23:35:27 C:\Program Files (x86)\Steam\steamapps\common\Arma 3 Server\mark\addons\dubbing_f_mark.pbo - 98398
23:35:27 C:\Program Files (x86)\Steam\steamapps\common\Arma 3 Server\mark\addons\dubbing_f_mp_mark.pbo - 98398
23:35:27 C:\Program Files (x86)\Steam\steamapps\common\Arma 3 Server\mark\addons\functions_f_mark.pbo - 98405
23:35:27 C:\Program Files (x86)\Steam\steamapps\common\Arma 3 Server\mark\addons\functions_f_mp_mark.pbo - 98862
23:35:27 C:\Program Files (x86)\Steam\steamapps\common\Arma 3 Server\mark\addons\languagemissions_f_mark.pbo - 100000
23:35:27 C:\Program Files (x86)\Steam\steamapps\common\Arma 3 Server\mark\addons\languagemissions_f_mp_mark.pbo - 100003
23:35:27 C:\Program Files (x86)\Steam\steamapps\common\Arma 3 Server\mark\addons\language_f_mark.pbo - 99993
23:35:27 C:\Program Files (x86)\Steam\steamapps\common\Arma 3 Server\mark\addons\language_f_mp_mark.pbo - 99993
23:35:27 C:\Program Files (x86)\Steam\steamapps\common\Arma 3 Server\mark\addons\missions_f_mark.pbo - 98422
23:35:27 C:\Program Files (x86)\Steam\steamapps\common\Arma 3 Server\mark\addons\missions_f_mark_data.pbo - 98422
23:35:27 C:\Program Files (x86)\Steam\steamapps\common\Arma 3 Server\mark\addons\missions_f_mark_video.pbo - 98437
23:35:27 C:\Program Files (x86)\Steam\steamapps\common\Arma 3 Server\mark\addons\missions_f_mp_mark.pbo - 98422
23:35:27 C:\Program Files (x86)\Steam\steamapps\common\Arma 3 Server\mark\addons\missions_f_mp_mark_data.pbo - 98422
23:35:27 C:\Program Files (x86)\Steam\steamapps\common\Arma 3 Server\mark\addons\modules_f_mark.pbo - 98423
23:35:27 C:\Program Files (x86)\Steam\steamapps\common\Arma 3 Server\mark\addons\modules_f_mp_mark.pbo - 98422
23:35:27 C:\Program Files (x86)\Steam\steamapps\common\Arma 3 Server\mark\addons\music_f_mark.pbo - 98422
23:35:27 C:\Program Files (x86)\Steam\steamapps\common\Arma 3 Server\mark\addons\music_f_mark_music.pbo - 98422
23:35:27 C:\Program Files (x86)\Steam\steamapps\common\Arma 3 Server\mark\addons\sounds_f_mark.pbo - 98423
23:35:27 C:\Program Files (x86)\Steam\steamapps\common\Arma 3 Server\mark\addons\static_f_mark.pbo - 98423
23:35:27 C:\Program Files (x86)\Steam\steamapps\common\Arma 3 Server\mark\addons\structures_f_mark.pbo - 98423
23:35:27 C:\Program Files (x86)\Steam\steamapps\common\Arma 3 Server\mark\addons\supplies_f_mark.pbo - 98423
23:35:27 C:\Program Files (x86)\Steam\steamapps\common\Arma 3 Server\mark\addons\ui_f_mark.pbo - 98423
23:35:27 C:\Program Files (x86)\Steam\steamapps\common\Arma 3 Server\mark\addons\ui_f_mp_mark.pbo - 98423
23:35:27 C:\Program Files (x86)\Steam\steamapps\common\Arma 3 Server\mark\addons\weapons_f_mark.pbo - 98423
23:35:27 C:\Program Files (x86)\Steam\steamapps\common\Arma 3 Server\heli\addons\air_f_heli.pbo - 98395
23:35:27 C:\Program Files (x86)\Steam\steamapps\common\Arma 3 Server\heli\addons\anims_f_heli.pbo - 98397
23:35:27 C:\Program Files (x86)\Steam\steamapps\common\Arma 3 Server\heli\addons\boat_f_heli.pbo - 98395
23:35:27 C:\Program Files (x86)\Steam\steamapps\common\Arma 3 Server\heli\addons\cargoposes_f_heli.pbo - 98395
23:35:27 C:\Program Files (x86)\Steam\steamapps\common\Arma 3 Server\heli\addons\data_f_heli.pbo - 99982
23:35:27 C:\Program Files (x86)\Steam\steamapps\common\Arma 3 Server\heli\addons\dubbing_f_heli.pbo - 98398
23:35:27 C:\Program Files (x86)\Steam\steamapps\common\Arma 3 Server\heli\addons\functions_f_heli.pbo - 98403
23:35:27 C:\Program Files (x86)\Steam\steamapps\common\Arma 3 Server\heli\addons\languagemissions_f_heli.pbo - 99996
23:35:27 C:\Program Files (x86)\Steam\steamapps\common\Arma 3 Server\heli\addons\language_f_heli.pbo - 99993
23:35:27 C:\Program Files (x86)\Steam\steamapps\common\Arma 3 Server\heli\addons\missions_f_heli.pbo - 98436
23:35:27 C:\Program Files (x86)\Steam\steamapps\common\Arma 3 Server\heli\addons\missions_f_heli_data.pbo - 98437
23:35:27 C:\Program Files (x86)\Steam\steamapps\common\Arma 3 Server\heli\addons\missions_f_heli_video.pbo - 98437
23:35:27 C:\Program Files (x86)\Steam\steamapps\common\Arma 3 Server\heli\addons\modules_f_heli.pbo - 98422
23:35:27 C:\Program Files (x86)\Steam\steamapps\common\Arma 3 Server\heli\addons\music_f_heli.pbo - 98423
23:35:27 C:\Program Files (x86)\Steam\steamapps\common\Arma 3 Server\heli\addons\music_f_heli_music.pbo - 98423
23:35:27 C:\Program Files (x86)\Steam\steamapps\common\Arma 3 Server\heli\addons\soft_f_heli.pbo - 98423
23:35:27 C:\Program Files (x86)\Steam\steamapps\common\Arma 3 Server\heli\addons\sounds_f_heli.pbo - 98423
23:35:27 C:\Program Files (x86)\Steam\steamapps\common\Arma 3 Server\heli\addons\structures_f_heli.pbo - 98423
23:35:27 C:\Program Files (x86)\Steam\steamapps\common\Arma 3 Server\heli\addons\supplies_f_heli.pbo - 98423
23:35:27 C:\Program Files (x86)\Steam\steamapps\common\Arma 3 Server\heli\addons\ui_f_heli.pbo - 98423
23:35:27 C:\Program Files (x86)\Steam\steamapps\common\Arma 3 Server\kart\addons\anims_f_kart.pbo - 98395
23:35:27 C:\Program Files (x86)\Steam\steamapps\common\Arma 3 Server\kart\addons\characters_f_kart.pbo - 98396
23:35:27 C:\Program Files (x86)\Steam\steamapps\common\Arma 3 Server\kart\addons\data_f_kart.pbo - 98437
23:35:27 C:\Program Files (x86)\Steam\steamapps\common\Arma 3 Server\kart\addons\languagemissions_f_kart.pbo - 99999
23:35:27 C:\Program Files (x86)\Steam\steamapps\common\Arma 3 Server\kart\addons\language_f_kart.pbo - 99993
23:35:27 C:\Program Files (x86)\Steam\steamapps\common\Arma 3 Server\kart\addons\missions_f_kart.pbo - 98437
23:35:27 C:\Program Files (x86)\Steam\steamapps\common\Arma 3 Server\kart\addons\missions_f_kart_data.pbo - 98437
23:35:27 C:\Program Files (x86)\Steam\steamapps\common\Arma 3 Server\kart\addons\modules_f_kart.pbo - 98422
23:35:27 C:\Program Files (x86)\Steam\steamapps\common\Arma 3 Server\kart\addons\modules_f_kart_data.pbo - 98423
23:35:27 C:\Program Files (x86)\Steam\steamapps\common\Arma 3 Server\kart\addons\soft_f_kart.pbo - 98423
23:35:27 C:\Program Files (x86)\Steam\steamapps\common\Arma 3 Server\kart\addons\sounds_f_kart.pbo - 98423
23:35:27 C:\Program Files (x86)\Steam\steamapps\common\Arma 3 Server\kart\addons\structures_f_kart.pbo - 98423
23:35:27 C:\Program Files (x86)\Steam\steamapps\common\Arma 3 Server\kart\addons\ui_f_kart.pbo - 98423
23:35:27 C:\Program Files (x86)\Steam\steamapps\common\Arma 3 Server\kart\addons\weapons_f_kart.pbo - 98423
23:35:27 C:\Program Files (x86)\Steam\steamapps\common\Arma 3 Server\curator\addons\data_f_curator.pbo - 99978
23:35:27 C:\Program Files (x86)\Steam\steamapps\common\Arma 3 Server\curator\addons\functions_f_curator.pbo - 98402
23:35:27 C:\Program Files (x86)\Steam\steamapps\common\Arma 3 Server\curator\addons\language_f_curator.pbo - 99992
23:35:27 C:\Program Files (x86)\Steam\steamapps\common\Arma 3 Server\curator\addons\missions_f_curator.pbo - 99501
23:35:27 C:\Program Files (x86)\Steam\steamapps\common\Arma 3 Server\curator\addons\modules_f_curator.pbo - 98422
23:35:27 C:\Program Files (x86)\Steam\steamapps\common\Arma 3 Server\curator\addons\ui_f_curator.pbo - 100112
23:35:27 addons\3den.pbo - 99525
23:35:27 addons\3den_language.pbo - 99992
23:35:27 addons\a3.pbo - unknown
23:35:27 addons\air_f.pbo - 99988
23:35:27 addons\air_f_beta.pbo - 98395
23:35:27 addons\air_f_epb.pbo - 99941
23:35:27 addons\air_f_epc.pbo - 98395
23:35:27 addons\air_f_gamma.pbo - 98395
23:35:27 addons\animals_f.pbo - 98453
23:35:27 addons\animals_f_beta.pbo - 98395
23:35:27 addons\anims_f.pbo - 100288
23:35:27 addons\anims_f_bootcamp.pbo - 98395
23:35:27 addons\anims_f_data.pbo - 98480
23:35:27 addons\anims_f_epa.pbo - 98397
23:35:27 addons\anims_f_epc.pbo - 98397
23:35:27 addons\anims_f_exp_a.pbo - 98695
23:35:27 addons\armor_f.pbo - 98395
23:35:27 addons\armor_f_beta.pbo - 99591
23:35:27 addons\armor_f_epb.pbo - 98395
23:35:27 addons\armor_f_epc.pbo - 98395
23:35:27 addons\armor_f_gamma.pbo - 98395
23:35:27 addons\baseconfig_f.pbo - 99080
23:35:27 addons\boat_f.pbo - 98395
23:35:27 addons\boat_f_beta.pbo - 98395
23:35:27 addons\boat_f_epc.pbo - 98395
23:35:27 addons\boat_f_gamma.pbo - 98395
23:35:27 addons\cargoposes_f.pbo - 98395
23:35:27 addons\characters_f.pbo - 99496
23:35:27 addons\characters_f_beta.pbo - 98395
23:35:27 addons\characters_f_bootcamp.pbo - 98395
23:35:27 addons\characters_f_epa.pbo - 98395
23:35:27 addons\characters_f_epb.pbo - 98395
23:35:27 addons\characters_f_epc.pbo - 98395
23:35:27 addons\characters_f_gamma.pbo - 99374
23:35:27 addons\data_f.pbo - 99713
23:35:27 addons\data_f_bootcamp.pbo - 98437
23:35:27 addons\data_f_exp_a.pbo - 98437
23:35:27 addons\data_f_exp_b.pbo - 98643
23:35:27 addons\drones_f.pbo - 99942
23:35:27 addons\dubbing_f.pbo - 98398
23:35:27 addons\dubbing_f_beta.pbo - 98398
23:35:27 addons\dubbing_f_bootcamp.pbo - 98398
23:35:27 addons\dubbing_f_epa.pbo - 98398
23:35:27 addons\dubbing_f_epb.pbo - 98398
23:35:27 addons\dubbing_f_epc.pbo - 98398
23:35:27 addons\dubbing_f_gamma.pbo - 98398
23:35:27 addons\dubbing_radio_f.pbo - 99982
23:35:27 addons\dubbing_radio_f_data_eng.pbo - 99078
23:35:27 addons\dubbing_radio_f_data_engb.pbo - 99078
23:35:27 addons\dubbing_radio_f_data_gre.pbo - 99078
23:35:27 addons\dubbing_radio_f_data_per.pbo - 99078
23:35:27 addons\dubbing_radio_f_data_vr.pbo - 99078
23:35:27 addons\editorpreviews_f.pbo - 99556
23:35:27 addons\editor_f.pbo - 98402
23:35:27 addons\functions_f.pbo - 100265
23:35:27 addons\functions_f_bootcamp.pbo - 98790
23:35:27 addons\functions_f_epa.pbo - 98406
23:35:27 addons\functions_f_epc.pbo - 98406
23:35:27 addons\functions_f_exp_a.pbo - 98403
23:35:27 addons\languagemissions_f.pbo - 99993
23:35:27 addons\languagemissions_f_beta.pbo - 99993
23:35:27 addons\languagemissions_f_bootcamp.pbo - 99993
23:35:27 addons\languagemissions_f_epa.pbo - 99993
23:35:27 addons\languagemissions_f_epb.pbo - 99993
23:35:27 addons\languagemissions_f_epc.pbo - 99993
23:35:27 addons\languagemissions_f_exp_a.pbo - 99996
23:35:27 addons\languagemissions_f_gamma.pbo - 99995
23:35:27 addons\language_f.pbo - 100046
23:35:27 addons\language_f_beta.pbo - 99992
23:35:27 addons\language_f_bootcamp.pbo - 99992
23:35:27 addons\language_f_epa.pbo - 99992
23:35:27 addons\language_f_epb.pbo - 99992
23:35:27 addons\language_f_epc.pbo - 99992
23:35:27 addons\language_f_exp_a.pbo - 99993
23:35:27 addons\language_f_exp_b.pbo - 99993
23:35:27 addons\language_f_gamma.pbo - 99993
23:35:27 addons\map_altis.pbo - 100239
23:35:27 addons\map_altis_data.pbo - 99740
23:35:27 addons\map_altis_data_layers.pbo - 99901
23:35:27 addons\map_altis_data_layers_00_00.pbo - 99901
23:35:27 addons\map_altis_data_layers_00_01.pbo - 99901
23:35:27 addons\map_altis_data_layers_01_00.pbo - 99901
23:35:27 addons\map_altis_data_layers_01_01.pbo - 99901
23:35:27 addons\map_altis_scenes_f.pbo - 98766
23:35:27 addons\map_data.pbo - 100132
23:35:27 addons\map_stratis.pbo - 100234
23:35:27 addons\map_stratis_data.pbo - 98435
23:35:27 addons\map_stratis_data_layers.pbo - 98581
23:35:27 addons\map_stratis_scenes_f.pbo - 98774
23:35:27 addons\map_vr.pbo - 98784
23:35:27 addons\map_vr_scenes_f.pbo - 98782
23:35:27 addons\misc_f.pbo - 98416
23:35:27 addons\missions_f.pbo - 98436
23:35:27 addons\missions_f_beta.pbo - 98436
23:35:27 addons\missions_f_beta_data.pbo - 98436
23:35:27 addons\missions_f_beta_video.pbo - 98436
23:35:27 addons\missions_f_bootcamp.pbo - 98436
23:35:27 addons\missions_f_bootcamp_data.pbo - 98436
23:35:27 addons\missions_f_bootcamp_video.pbo - 98436
23:35:27 addons\missions_f_data.pbo - 98436
23:35:27 addons\missions_f_epa.pbo - 98893
23:35:27 addons\missions_f_epa_data.pbo - 98436
23:35:27 addons\missions_f_epa_video.pbo - 98436
23:35:27 addons\missions_f_epb.pbo - 98420
23:35:27 addons\missions_f_epb_data.pbo - 92728
23:35:27 addons\missions_f_epb_video.pbo - 73106
23:35:27 addons\missions_f_epc.pbo - 98420
23:35:27 addons\missions_f_epc_data.pbo - 84724
23:35:27 addons\missions_f_epc_video.pbo - 84725
23:35:27 addons\missions_f_exp_a.pbo - 99081
23:35:27 addons\missions_f_exp_a_data.pbo - 98702
23:35:27 addons\missions_f_gamma.pbo - 98436
23:35:27 addons\missions_f_gamma_data.pbo - 98436
23:35:27 addons\missions_f_gamma_video.pbo - 98436
23:35:27 addons\missions_f_video.pbo - 98436
23:35:27 addons\modules_f.pbo - 98663
23:35:27 addons\modules_f_beta.pbo - 98422
23:35:27 addons\modules_f_beta_data.pbo - 98422
23:35:27 addons\modules_f_bootcamp.pbo - 98422
23:35:27 addons\modules_f_data.pbo - 98422
23:35:27 addons\modules_f_epb.pbo - 98422
23:35:27 addons\modules_f_exp_a.pbo - 98459
23:35:27 addons\music_f.pbo - 98422
23:35:27 addons\music_f_bootcamp.pbo - 98422
23:35:27 addons\music_f_bootcamp_music.pbo - 98422
23:35:27 addons\music_f_epa.pbo - 98422
23:35:27 addons\music_f_epa_music.pbo - 98422
23:35:27 addons\music_f_epb.pbo - 98422
23:35:27 addons\music_f_epb_music.pbo - 98422
23:35:27 addons\music_f_epc.pbo - 98423
23:35:27 addons\music_f_epc_music.pbo - 98422
23:35:27 addons\music_f_music.pbo - 98423
23:35:27 addons\plants_f.pbo - 98423
23:35:27 addons\props_f_exp_a.pbo - 98443
23:35:27 addons\roads_f.pbo - 98423
23:35:27 addons\rocks_f.pbo - 99030
23:35:27 addons\signs_f.pbo - 99349
23:35:27 addons\soft_f.pbo - 98851
23:35:27 addons\soft_f_beta.pbo - 98423
23:35:27 addons\soft_f_bootcamp.pbo - 98423
23:35:27 addons\soft_f_epc.pbo - 98423
23:35:27 addons\soft_f_gamma.pbo - 99007
23:35:27 addons\sounds_f.pbo - 99745
23:35:27 addons\sounds_f_arsenal.pbo - 98423
23:35:27 addons\sounds_f_bootcamp.pbo - 98423
23:35:27 addons\sounds_f_characters.pbo - 98423
23:35:27 addons\sounds_f_environment.pbo - 98459
23:35:27 addons\sounds_f_epb.pbo - 98423
23:35:27 addons\sounds_f_epc.pbo - 98423
23:35:27 addons\sounds_f_exp_a.pbo - 98443
23:35:27 addons\sounds_f_sfx.pbo - 98423
23:35:27 addons\sounds_f_vehicles.pbo - 98423
23:35:27 addons\static_f.pbo - 99943
23:35:27 addons\static_f_beta.pbo - 98423
23:35:27 addons\static_f_gamma.pbo - 98423
23:35:27 addons\structures_f.pbo - 98423
23:35:27 addons\structures_f_bootcamp.pbo - 98423
23:35:27 addons\structures_f_data.pbo - 98423
23:35:27 addons\structures_f_epa.pbo - 99891
23:35:27 addons\structures_f_epb.pbo - 98423
23:35:27 addons\structures_f_epc.pbo - 98423
23:35:27 addons\structures_f_exp_a.pbo - 98423
23:35:27 addons\structures_f_households.pbo - 98423
23:35:27 addons\structures_f_ind.pbo - 98423
23:35:27 addons\structures_f_mil.pbo - 99557
23:35:27 addons\structures_f_wrecks.pbo - 98423
23:35:27 addons\uifonts_f.pbo - 98423
23:35:27 addons\uifonts_f_data.pbo - 98423
23:35:27 addons\ui_f.pbo - 100111
23:35:27 addons\ui_f_bootcamp.pbo - 98423
23:35:27 addons\ui_f_data.pbo - 99905
23:35:27 addons\ui_f_exp_a.pbo - 98443
23:35:27 addons\weapons_f.pbo - 99719
23:35:27 addons\weapons_f_beta.pbo - 98423
23:35:27 addons\weapons_f_bootcamp.pbo - 98423
23:35:27 addons\weapons_f_epa.pbo - 98423
23:35:27 addons\weapons_f_epb.pbo - 98423
23:35:27 addons\weapons_f_epc.pbo - 98424
23:35:27 addons\weapons_f_gamma.pbo - 98423
23:35:27 
23:35:27 =======================
23:35:27 
23:35:27 ============================================================================================= List of mods ===============================================================================================
23:35:27 modsReadOnly = true
23:35:27 safeModsActivated = false
23:35:27 customMods = true
23:35:27 hash = '920E5E3D6AE4A79B820F945495CE19385387D2D9'
23:35:27 hashShort = '26f32435'
23:35:27                                               name |               modDir |    default |               origin |                                     hash | hashShort | fullPath
23:35:27 ----------------------------------------------------------------------------------------------------------------------------------------------------------------------------------------------------------
23:35:27                                          Exile Mod |               @Exile |      false |             GAME DIR | 2aca2920ea6f52c1cbdcbdf7c7d2efc44c90442d |  3197fd66 | C:\Program Files (x86)\Steam\steamapps\common\Arma 3 Server\@Exile
23:35:27                                       @ExileServer |         @ExileServer |      false |             GAME DIR | 15f2b90ade21e03f34a4fb77ee4dac740e901476 |   f71294b | C:\Program Files (x86)\Steam\steamapps\common\Arma 3 Server\@ExileServer
23:35:27                                  Arma 3 DLC Bundle |            dlcbundle |       true |            NOT FOUND |                                          |           | 
23:35:27                                    Arma 3 Marksmen |                 mark |       true |             GAME DIR | 8a8bc2a7d7ad8251bcc82f29aea6d3f34ebffb3d |  1c11a244 | C:\Program Files (x86)\Steam\steamapps\common\Arma 3 Server\mark
23:35:27                                 Arma 3 Helicopters |                 heli |       true |             GAME DIR | 1614a75b4d3cceb5d296ca4101a589fba596aa5e |  9a800f11 | C:\Program Files (x86)\Steam\steamapps\common\Arma 3 Server\heli
23:35:27                                       Arma 3 Karts |                 kart |       true |             GAME DIR | 41f70c200a668f39e52eedf55e0c6f494aef1903 |  c9867676 | C:\Program Files (x86)\Steam\steamapps\common\Arma 3 Server\kart
23:35:27                                        Arma 3 Zeus |              curator |       true |             GAME DIR | fb1eec1e78a39cd021a71a293ae4ae1e00c98686 |   44f886e | C:\Program Files (x86)\Steam\steamapps\common\Arma 3 Server\curator
23:35:27                                             Arma 3 |                   A3 |       true |            NOT FOUND |                                          |           | 
23:35:27 ==========================================================================================================================================================================================================
23:35:27 InitSound ...
23:35:27 InitSound - complete
23:35:27 PhysX3 SDK Init started ...
23:35:27 PhysX3 SDK Init ended.
23:35:27 Preloaded texture GroupDir not found in bin\config.bin/CfgInGameUI/
23:35:27 Attempt to override final function - rscminimap_script
23:35:27 Attempt to override final function - rscdisplayloading_script
23:35:27 Attempt to override final function - rscdisplayloading_script
23:35:27 Attempt to override final function - rscdisplayloading_script
23:35:27 Attempt to override final function - rscdiary_script
23:35:27 Attempt to override final function - rscdisplaysinglemission_script
23:35:27 Attempt to override final function - rscdiary_script
23:35:27 Attempt to override final function - rscdisplayremotemissions_script
23:35:27 Attempt to override final function - rscdisplayloading_script
23:35:27 Attempt to override final function - rscdiary_script
23:35:27 Attempt to override final function - rscdiary_script
23:35:27 Attempt to override final function - rscdisplaystrategicmap_script
23:35:27 Attempt to override final function - rscdisplaycommon_script
23:35:27 Attempt to override final function - rscdisplaygarage_script
23:35:28 Attempt to override final function - rscdisplayhostsettings_script
23:35:28 Attempt to override final function - rscdisplayloading_script
23:35:28 Attempt to override final function - rscdisplaycurator_script
23:35:28 Attempt to override final function - display3deneditcomposition_script
23:35:28 Attempt to override final function - display3deneditattributes_script
23:35:28 Attempt to override final function - display3deneditattributes_script
23:35:28 Attempt to override final function - rscdisplayhostsettings_script
23:35:28 Attempt to override final function - rscdisplaycommon_script
23:35:28 Attempt to override final function - rscdisplaydebriefing_script
23:35:28 Attempt to override final function - rscunitinfo_script
23:35:28 Attempt to override final function - rscunitinfo_script
23:35:28 Attempt to override final function - rscunitinfo_script
23:35:28 Attempt to override final function - rscunitinfo_script
23:35:28 Attempt to override final function - rscunitinfo_script
23:35:28 Attempt to override final function - rscunitinfo_script
23:35:28 Attempt to override final function - rscunitinfo_script
23:35:28 Attempt to override final function - rscunitinfo_script
23:35:28 Attempt to override final function - rscunitinfo_script
23:35:28 Attempt to override final function - rscunitinfo_script
23:35:28 Attempt to override final function - rscunitinfo_script
23:35:28 Attempt to override final function - rscunitinfo_script
23:35:28 Attempt to override final function - rscunitinfo_script
23:35:28 Attempt to override final function - rscunitinfo_script
23:35:28 Attempt to override final function - rscunitinfo_script
23:35:28 Attempt to override final function - rscunitinfo_script
23:35:28 Attempt to override final function - rscunitinfo_script
23:35:28 Attempt to override final function - rscunitinfo_script
23:35:28 Attempt to override final function - rscunitinfo_script
23:35:28 Attempt to override final function - rscunitinfo_script
23:35:28 Attempt to override final function - rscunitinfo_script
23:35:28 Attempt to override final function - rscunitinfo_script
23:35:28 Attempt to override final function - rscunitinfo_script
23:35:28 Attempt to override final function - rscunitinfo_script
23:35:28 Attempt to override final function - rscunitinfo_script
23:35:28 Attempt to override final function - rscunitinfo_script
23:35:28 Attempt to override final function - rscunitinfo_script
23:35:28 Attempt to override final function - rscunitinfo_script
23:35:28 Attempt to override final function - rscunitinfo_script
23:35:28 Attempt to override final function - rscunitinfo_script
23:35:28 Attempt to override final function - rscunitinfo_script
23:35:28 Attempt to override final function - rscunitinfo_script
23:35:28 Attempt to override final function - rscunitinfo_script
23:35:28 Attempt to override final function - rscunitinfo_script
23:35:28 Attempt to override final function - rscunitinfo_script
23:35:28 Attempt to override final function - rscunitinfo_script
23:35:28 Attempt to override final function - rscunitinfo_script
23:35:28 Attempt to override final function - rscunitinfo_script
23:35:28 Attempt to override final function - rscunitinfo_script
23:35:28 Attempt to override final function - rscunitinfo_script
23:35:28 Attempt to override final function - rscunitinfo_script
23:35:28 Attempt to override final function - rscunitinfo_script
23:35:28 Attempt to override final function - rscunitinfo_script
23:35:28 Attempt to override final function - rscunitinfo_script
23:35:28 Attempt to override final function - rscunitinfo_script
23:35:28 Attempt to override final function - rscunitinfo_script
23:35:28 Attempt to override final function - rscunitinfo_script
23:35:28 Attempt to override final function - rscunitinfo_script
23:35:28 Attempt to override final function - rscunitinfo_script
23:35:28 Attempt to override final function - rscunitinfo_script
23:35:28 Attempt to override final function - rscunitinfo_script
23:35:28 Attempt to override final function - rscunitinfo_script
23:35:28 Attempt to override final function - rscunitinfo_script
23:35:28 Attempt to override final function - rscunitinfo_script
23:35:28 Attempt to override final function - rscunitinfo_script
23:35:28 Attempt to override final function - rscunitinfo_script
23:35:28 Attempt to override final function - rscunitinfo_script
23:35:28 Attempt to override final function - rscunitinfo_script
23:35:28 Attempt to override final function - rscunitinfo_script
23:35:28 Attempt to override final function - rscunitinfo_script
23:35:28 Attempt to override final function - rscunitinfo_script
23:35:29 File C:\Program Files (x86)\Steam\steamapps\common\Arma 3 Server\@ExileServer\config.cfg, line 33: '/Missions/Exile.template': Missing ';' at the end of line
23:35:29 File C:\Program Files (x86)\Steam\steamapps\common\Arma 3 Server\@ExileServer\config.cfg, line 33: '/Missions/Exile.template': Missing ';' at the end of line
23:35:29 File C:\Program Files (x86)\Steam\steamapps\common\Arma 3 Server\@ExileServer\config.cfg, line 33: '/Missions/Exile.template': Missing ';' at the end of line
23:35:29 File C:\Program Files (x86)\Steam\steamapps\common\Arma 3 Server\@ExileServer\config.cfg, line 33: '/Missions/Exile.template': Missing ';' at the end of line
23:35:29 VoteThreshold must be in 0..1 range. Defaulting to 0.5
23:35:29 Initializing Steam server - Game Port: 2302, Steam Query Port: 2303
23:35:29 Steam AppId in current environment: 107410
23:35:30 Connected to Steam servers
23:35:40 Server error: Player without identity Mateuus (id 536181826)
23:35:40 Server error: Player without identity Mateuus (id 536181826)
23:35:40 Server error: Player without identity Mateuus (id 536181826)
23:35:40 Server error: Player without identity Mateuus (id 536181826)
23:35:40 Server error: Player without identity Mateuus (id 536181826)
23:35:40 Server error: Player without identity Mateuus (id 536181826)
23:35:40 Server error: Player without identity Mateuus (id 536181826)
23:35:40 Server error: Player without identity Mateuus (id 536181826)
23:35:40 Server error: Player without identity Mateuus (id 536181826)
23:35:40 Server error: Player without identity Mateuus (id 536181826)
23:35:40 Server error: Player without identity Mateuus (id 536181826)
23:35:40 Server error: Player without identity Mateuus (id 536181826)
23:35:40 Server error: Player without identity Mateuus (id 536181826)
23:35:40 Server error: Player without identity Mateuus (id 536181826)
23:35:40 Server error: Player without identity Mateuus (id 536181826)
23:35:40 Server error: Player without identity Mateuus (id 536181826)
23:35:40 Server error: Player without identity Mateuus (id 536181826)
23:35:50 Starting mission:
23:35:50  Mission file: Exile
23:35:50  Mission world: Altis
23:35:50  Mission directory: mpmissions\Exile.Altis\
23:35:55 Unknown hit sound type in A3\data_f\Penetration\tyre.bisurf.soundHit
23:35:56 Strange convex component145 in a3\plants_f\tree\t_pinuss2s_b_f.p3d:geometryView
23:35:56 Strange convex component149 in a3\plants_f\tree\t_pinuss2s_b_f.p3d:geometryView
23:36:00 Attempt to override final function - bis_functions_list
23:36:00 Attempt to override final function - bis_functions_listpreinit
23:36:00 Attempt to override final function - bis_functions_listpostinit
23:36:00 Attempt to override final function - bis_functions_listrecompile
23:36:00 "undedz/BIS_fnc_log: [BIS_fnc_preload] ----- Initializing scripts in Exile -----"
23:36:00 "undedz/BIS_fnc_log: [recompile] recompile BIS_fnc_missionTasksLocal"
23:36:00 Attempt to override final function - bis_fnc_missiontaskslocal
23:36:00 "undedz/BIS_fnc_log: [recompile] recompile BIS_fnc_missionConversationsLocal"
23:36:00 Attempt to override final function - bis_fnc_missionconversationslocal
23:36:00 "undedz/BIS_fnc_log: [recompile] recompile BIS_fnc_missionFlow"
23:36:00 Attempt to override final function - bis_fnc_missionflow
23:36:00 "undedz/BIS_fnc_log: [preInit] BIS_fnc_feedbackMain (0 ms)"
23:36:00 "undedz/BIS_fnc_log: [preInit] BIS_fnc_missionHandlers (0 ms)"
23:36:00 "undedz/BIS_fnc_log: [preInit] BIS_fnc_getServerVariable (0 ms)"
23:36:00 "undedz/BIS_fnc_log: [preInit] ExileClient_fnc_preInit (118 ms)"
23:36:00 "ExileServer - Server is loading..."
23:36:00 Client: Nonnetwork object 20e17700.
23:36:00 "ExileServer - Installed extDB2 version: 70"
23:36:00 "ExileServer - Connected to database!"
23:36:00 "ExileServer - Database protocol initialized!"
23:36:00 "undedz/BIS_fnc_log: [preInit] ExileServer_fnc_preInit (101.002 ms)"
23:36:00 Loading movesType CfgGesturesMale
23:36:00 MovesType CfgGesturesMale load time 54 ms
23:36:00 Loading movesType CfgMovesMaleSdr
23:36:03 Animation a3\cargoposes_f\anim\passenger_flatground_leanleft_kia.rtm not found or empty
23:36:03 Animation a3\cargoposes_f\anim\passenger_flatground_leanright_kia.rtm not found or empty
23:36:04 Error: Bone cheek_lf doesn't exist in skeleton OFP2_ManSkeleton
23:36:04 Error: Bone nose_tip doesn't exist in skeleton OFP2_ManSkeleton
23:36:04 Error: Bone lip_uplb doesn't exist in skeleton OFP2_ManSkeleton
23:36:04 Error: Bone jaw_ls doesn't exist in skeleton OFP2_ManSkeleton
23:36:04 Error: Bone lip_uplf doesn't exist in skeleton OFP2_ManSkeleton
23:36:04 Error: Bone lip_lc doesn't exist in skeleton OFP2_ManSkeleton
23:36:04 Error: Bone lip_lwlb doesn't exist in skeleton OFP2_ManSkeleton
23:36:04 Error: Bone lip_lwlf doesn't exist in skeleton OFP2_ManSkeleton
23:36:04 Error: Bone jaw_lm doesn't exist in skeleton OFP2_ManSkeleton
23:36:04 Error: Bone zig_lb doesn't exist in skeleton OFP2_ManSkeleton
23:36:04 Error: Bone lip_lwm doesn't exist in skeleton OFP2_ManSkeleton
23:36:04 Error: Bone lip_upm doesn't exist in skeleton OFP2_ManSkeleton
23:36:04 Error: Bone ear_l doesn't exist in skeleton OFP2_ManSkeleton
23:36:04 Error: Bone corr doesn't exist in skeleton OFP2_ManSkeleton
23:36:04 Error: Bone tongue_m doesn't exist in skeleton OFP2_ManSkeleton
23:36:04 Error: Bone tongue_f doesn't exist in skeleton OFP2_ManSkeleton
23:36:04 Error: Bone eyebrow_lb doesn't exist in skeleton OFP2_ManSkeleton
23:36:04 Error: Bone eyebrow_lf doesn't exist in skeleton OFP2_ManSkeleton
23:36:04 Error: Bone eyebrow_lm doesn't exist in skeleton OFP2_ManSkeleton
23:36:04 Error: Bone zig_lm doesn't exist in skeleton OFP2_ManSkeleton
23:36:04 Error: Bone eye_upl doesn't exist in skeleton OFP2_ManSkeleton
23:36:04 Error: Bone eye_lwl doesn't exist in skeleton OFP2_ManSkeleton
23:36:04 Error: Bone cheek_l doesn't exist in skeleton OFP2_ManSkeleton
23:36:04 Error: Bone cheek_lb doesn't exist in skeleton OFP2_ManSkeleton
23:36:04 Error: Bone zig_lt doesn't exist in skeleton OFP2_ManSkeleton
23:36:04 Error: Bone nose_l doesn't exist in skeleton OFP2_ManSkeleton
23:36:04 Error: Bone cheek_lm doesn't exist in skeleton OFP2_ManSkeleton
23:36:04 Error: Bone nose_r doesn't exist in skeleton OFP2_ManSkeleton
23:36:04 Error: Bone forehead_r doesn't exist in skeleton OFP2_ManSkeleton
23:36:04 Error: Bone forehead_m doesn't exist in skeleton OFP2_ManSkeleton
23:36:04 Error: Bone forehead_l doesn't exist in skeleton OFP2_ManSkeleton
23:36:04 Error: Bone cheek_rb doesn't exist in skeleton OFP2_ManSkeleton
23:36:04 Error: Bone eye_lwr doesn't exist in skeleton OFP2_ManSkeleton
23:36:04 Error: Bone cheek_r doesn't exist in skeleton OFP2_ManSkeleton
23:36:04 Error: Bone zig_rt doesn't exist in skeleton OFP2_ManSkeleton
23:36:04 Error: Bone zig_rm doesn't exist in skeleton OFP2_ManSkeleton
23:36:04 Error: Bone cheek_rf doesn't exist in skeleton OFP2_ManSkeleton
23:36:04 Error: Bone cheek_rm doesn't exist in skeleton OFP2_ManSkeleton
23:36:04 Error: Bone eyebrow_rm doesn't exist in skeleton OFP2_ManSkeleton
23:36:04 Error: Bone eyebrow_rf doesn't exist in skeleton OFP2_ManSkeleton
23:36:04 Error: Bone eye_upr doesn't exist in skeleton OFP2_ManSkeleton
23:36:04 Error: Bone eyebrow_rb doesn't exist in skeleton OFP2_ManSkeleton
23:36:04 Error: Bone tongue_b doesn't exist in skeleton OFP2_ManSkeleton
23:36:04 Error: Bone ear_r doesn't exist in skeleton OFP2_ManSkeleton
23:36:04 Error: Bone neck_l doesn't exist in skeleton OFP2_ManSkeleton
23:36:04 Error: Bone lip_uprf doesn't exist in skeleton OFP2_ManSkeleton
23:36:04 Error: Bone neck_r doesn't exist in skeleton OFP2_ManSkeleton
23:36:04 Error: Bone lip_uprb doesn't exist in skeleton OFP2_ManSkeleton
23:36:04 Error: Bone lip_rc doesn't exist in skeleton OFP2_ManSkeleton
23:36:04 Error: Bone lip_lwrb doesn't exist in skeleton OFP2_ManSkeleton
23:36:04 Error: Bone lip_lwrf doesn't exist in skeleton OFP2_ManSkeleton
23:36:04 Error: Bone neck_b doesn't exist in skeleton OFP2_ManSkeleton
23:36:04 Error: Bone zig_rb doesn't exist in skeleton OFP2_ManSkeleton
23:36:04 Error: Bone neck_t doesn't exist in skeleton OFP2_ManSkeleton
23:36:04 Error: Bone jaw_rf doesn't exist in skeleton OFP2_ManSkeleton
23:36:04 Error: Bone jaw_lf doesn't exist in skeleton OFP2_ManSkeleton
23:36:04 Error: Bone chin doesn't exist in skeleton OFP2_ManSkeleton
23:36:04 Error: Bone jaw_rm doesn't exist in skeleton OFP2_ManSkeleton
23:36:04 Error: Bone jaw_rs doesn't exist in skeleton OFP2_ManSkeleton
23:36:04 Error: Bone jaw doesn't exist in skeleton OFP2_ManSkeleton
23:36:04 Error: Bone headcutscene doesn't exist in skeleton OFP2_ManSkeleton
23:36:04 Animation exile_psycho_tractor\anim\exile_psycho_tractor.rtm not found or empty
23:36:04 MovesType CfgMovesMaleSdr load time 3745 ms
23:36:04 "undedz/BIS_fnc_log: [script] initServer.sqf"
23:36:04 "undedz/BIS_fnc_log: [postInit] BIS_fnc_missionFlow (0 ms)"
23:36:04 "undedz/BIS_fnc_log: [postInit] BIS_fnc_initParams (0 ms)"
23:36:04 "undedz/BIS_fnc_log: [postInit] BIS_fnc_initRespawn (0 ms)"
23:36:04 "undedz/BIS_fnc_log: [postInit] BIS_fnc_reviveInit (0 ms)"
23:36:04 "undedz/BIS_fnc_log: [postInit] ExileClient_fnc_postInit (0 ms)"
23:36:04 "Sending information to exilemod.com (If config file exists!)..."
23:36:04 "Result: "
23:36:04 "ExileServer - Job with handle 10000 added."
23:36:04 "ExileServer - Job with handle 10001 added."
23:36:04 "ExileServer - Job with handle 10002 added."
23:36:04 "ExileServer - Job with handle 10003 added."
23:36:04 Weather was forced to change
23:36:04 "ExileServer - Job with handle 10004 added."
23:36:04 "ExileServer - Initializing game world..."
23:36:04 "ExileServer - Loading territories from database..."
23:36:04 "ExileServer - Done loading territories!"
23:36:04 "ExileServer - Loading constructions from database..."
23:36:04 "ExileServer - Done loading constructions!"
23:36:04 "ExileServer - Loading vehicles from database..."
23:36:04 "ExileServer - Done loading vehicles!"
23:36:04 "ExileServer - Loading containers from database..."
23:36:04 "ExileServer - Done loading containers!"
23:36:04 "ExileServer - Creating spawn zone vehicles..."
23:36:04 c:\w\stable\futura\lib\network\networkserver.cpp NetworkServer::OnClientStateChanged:NOT IMPLEMENTED - briefing!
23:36:05 "ExileServer - Spawning Dynamic Vehicles. GridSize: 2200 Vehs/Grid : 2"
23:36:05 Render target memory points PIP1_pos & PIP1_dir not found.
23:36:05 Render target memory points PIP2_pos & PIP2_dir not found.
23:36:06 Exile_Car_Octavius_White: IndicatorOil - unknown animation source oilTemp
23:36:06 Exile_Car_Octavius_White: fuel - unknown animation source fuel_1
23:36:06 Exile_Car_Octavius_White: gearbox - unknown animation source gearbox
23:36:06 Exile_Car_Octavius_White: Trunk2 - unknown animation source trunk
23:36:06 Render target memory points PIP0_pos & PIP0_dir not found.
23:36:06 Render target memory points PIP1_pos & PIP1_dir not found.
23:36:06 Render target memory points PIP2_pos & PIP2_dir not found.
23:36:06 TowingTractor: Invalid parent bone 'wheel_1_2' for 'wheel_1_2_hide'
23:36:06 TowingTractor: Invalid parent bone 'wheel_2_2' for 'wheel_2_2_hide'
23:36:06 Cannot load surface info ca\data\Penetration\mattress.bisurf
23:36:06 Exile_Car_UAZ_Green: wiper_1_loop - unknown animation source wipers
23:36:06 Exile_Car_UAZ_Green: wipers - unknown animation source wiper
23:36:06 Exile_Car_UAZ_Open_Green: wiper_1_loop - unknown animation source wipers
23:36:06 Exile_Car_UAZ_Open_Green: wipers - unknown animation source wiper
23:36:09 "ExileServer - Dynamic vehicles spawned. Count : 234"
23:36:09 "ExileServer - Game world initialized! Let the fun begin!"
23:36:09 "ExileServer - Job with handle 10005 added."
23:36:09 "ExileServer - Server is up and running! Version: 0.9.61"
23:36:09 "undedz/BIS_fnc_log: [postInit] ExileServer_fnc_postInit (4972 ms)"
23:36:09 Exile_Cosmetic_MG: MainTurret - unknown animation source mainTurret
23:36:09 Exile_Cosmetic_MG: MainGun - unknown animation source mainGun
23:36:09 Exile_Cosmetic_MG: Ammo_belt_rotation - unknown animation source ReloadAnim
23:36:09 Exile_Cosmetic_MG: Bolt_reload_begin - unknown animation source reloadMagazine
23:36:09 Exile_Cosmetic_MG: muzzleFlash - unknown animation source muzzle_source
23:36:09 Exile_Cosmetic_MG: zaslehROT - unknown animation source muzzle_source_rot
23:36:09 Exile_Cosmetic_MG: AddAutonomous_unhide - unknown animation source autonomous_unhide
23:36:09 Exile_Cosmetic_MG: bullet001_reload_hide - unknown animation source revolving
23:36:09 Exile_Cosmetic_UAV: RotorImpactHide - unknown animation source rotorHFullyDestroyed
23:36:09 Exile_Cosmetic_UAV: TailRotorImpactHide - unknown animation source tailRotorHFullyDestroyed
23:36:09 Exile_Cosmetic_UAV: propeller1_rotation - unknown animation source rotorH
23:36:09 Exile_Cosmetic_UAV: propeller2_rotation - unknown animation source rotorV
23:36:09 Exile_Cosmetic_UAV: propeller1_hide - unknown animation source rpm
23:36:09 Exile_Cosmetic_UAV: MainTurret - unknown animation source mainTurret
23:36:09 Exile_Cosmetic_UAV: MainGun - unknown animation source mainGun
23:36:09 Land_Box_AmmoOld_F: Ammo_hide - unknown animation source Ammo_source
23:36:09 Land_Box_AmmoOld_F: AmmoOrd_hide - unknown animation source AmmoOrd_source
23:36:09 Land_Box_AmmoOld_F: Grenades_hide - unknown animation source Grenades_source
23:36:09 Land_Box_AmmoOld_F: Support_hide - unknown animation source Support_source
23:36:09 "undedz/BIS_fnc_log: [BIS_fnc_preload] ----- Scripts initialized at 9579 ms -----"
23:36:10 "ExileServer - Player Mateuus (UID 76561198065694695) connected!"
23:36:10  Mission id: 76e9a42d757984a7721508edaf32fe20db448b14
23:36:10 "ExileServer - Main thread started"
23:36:13 "ExileServer - Starting session for 'Mateuus' with ID 'jwNxAJwx'..."
23:36:34 Warning: Cleanup player - person 2:778 not found
23:36:41 "ExileServer - Player Mateuus (UID 76561198065694695) connected!"
23:36:43 "ExileServer - Starting session for 'Mateuus' with ID 'sxYfEVUP'..."
23:37:07 Warning: Cleanup player - person 2:789 not found
23:37:32 Warning: Cleanup player - person 2:789 not found
23:37:49 "ExileServer - Player Mateuus (UID 76561198065694695) connected!"
23:37:52 "ExileServer - Starting session for 'Mateuus' with ID 'CfBYEYXJ'..."
23:42:46 Deinitialized shape [Class: "Underwear_F"; Shape: "a3\characters_f\common\basicbody.p3d";]
23:42:46 Deinitialized shape [Class: "Exile_Unit_GhostPlayer"; Shape: "a3\characters_f\common\invisibleman.p3d";]
23:42:46 Deinitialized shape [Class: "C_journalist_F"; Shape: "a3\characters_f_epc\civil\c_journalist.p3d";]
23:42:46 Deinitialized shape [Class: "Exile_Unit_Player"; Shape: "a3\characters_f\common\coveralls.p3d";]
23:42:46 Deinitialized shape [Class: "C_scientist_F"; Shape: "a3\characters_f\common\coveralls.p3d";]
23:42:46 Deinitialized shape [Class: "C_man_p_shorts_1_F"; Shape: "a3\characters_f\civil\c_poloshirt.p3d";]
23:42:46 c:\w\stable\futura\lib\network\networkserver.cpp ClearNetServer:NOT IMPLEMENTED - briefing!
23:42:47 Extensions:
23:42:47   extDB2 (C:\Program Files (x86)\Steam\steamapps\common\Arma 3 Server\@ExileServer\extDB2.dll) [70.0.0.0] [70.0.0.0]

